C:\Users\96599\Documents\NetBeansProjects\sampathbankATMsystem\src\main\java\transaction.java
C:\Users\96599\Documents\NetBeansProjects\sampathbankATMsystem\src\main\java\atm.java
C:\Users\96599\Documents\NetBeansProjects\sampathbankATMsystem\src\main\java\bank.java
C:\Users\96599\Documents\NetBeansProjects\sampathbankATMsystem\src\main\java\cardreader.java
C:\Users\96599\Documents\NetBeansProjects\sampathbankATMsystem\src\main\java\keypad.java
C:\Users\96599\Documents\NetBeansProjects\sampathbankATMsystem\src\main\java\account.java
C:\Users\96599\Documents\NetBeansProjects\sampathbankATMsystem\src\main\java\customer.java
C:\Users\96599\Documents\NetBeansProjects\sampathbankATMsystem\src\main\java\alert.java
C:\Users\96599\Documents\NetBeansProjects\sampathbankATMsystem\src\main\java\com\mycompany\sampathbankatmsystem\SampathbankATMsystem.java
C:\Users\96599\Documents\NetBeansProjects\sampathbankATMsystem\src\main\java\main.java
C:\Users\96599\Documents\NetBeansProjects\sampathbankATMsystem\src\main\java\transectiontype.java
C:\Users\96599\Documents\NetBeansProjects\sampathbankATMsystem\src\main\java\screen.java
